// Jest Snapshot v1, https://goo.gl/fbAQLP

exports[`Test to GifItem component should to be match with snapshot 1`] = `
<div>
  <div
    class="card"
  >
    <img
      alt="Saitama"
      src="http://localhost/Saitama"
    />
    <p>
      Saitama
    </p>
  </div>
</div>
`;
